010011XXXXXX0010
0000000000000111
010011XXXXXX01X0
1111111111111011
010011XXXXXX01X1
0000000000000010
010011XXXXXX00XX
0111111111111111
010011XXXXXX00XX
1000000000000000
