010011001XXX0001
0000000001111011
010011001XXX0001
1111111111111001
001010XXXXXX0001
001101XXXXXX0010
001000XXXXXX0011
001000XXXXXX0100
